******************************************************************************
                  TI ARM Linker PC v20.2.7                     
******************************************************************************
>> Linked Sun Feb 25 22:52:30 2024

OUTPUT FILE NAME:   <TIVAC-(MPU)Example(1).out>
ENTRY POINT SYMBOL: "_c_int00_noargs"  address: 00000569


MEMORY CONFIGURATION

         name            origin    length      used     unused   attr    fill
----------------------  --------  ---------  --------  --------  ----  --------
  FLASH                 00000000   00040000  000005d6  0003fa2a  R  X
  SRAM                  20000000   00008000  00000201  00007dff  RW X


SEGMENT ALLOCATION MAP

run origin  load origin   length   init length attrs members
----------  ----------- ---------- ----------- ----- -------
00000000    00000000    000005d8   000005d8    r-x
  00000000    00000000    0000026c   0000026c    r-- .intvecs
  0000026c    0000026c    00000352   00000352    r-x .text
  000005c0    000005c0    00000018   00000018    r-- .cinit
20000000    20000000    00000201   00000000    rw-
  20000000    20000000    00000200   00000000    rw- .stack
  20000200    20000200    00000001   00000000    rw- .data


SECTION ALLOCATION MAP

 output                                  attributes/
section   page    origin      length       input sections
--------  ----  ----------  ----------   ----------------
.intvecs   0    00000000    0000026c     
                  00000000    0000026c     tm4c123gh6pm_startup_ccs.obj (.intvecs)

.text      0    0000026c    00000352     
                  0000026c    000001b4     main.obj (.text)
                  00000420    0000009c     rtsv7M4_T_le_v4SPD16_eabi.lib : memcpy_t2.asm.obj (.text)
                  000004bc    00000068                                   : copy_decompress_lzss.c.obj (.text:decompress:lzss:__TI_decompress_lzss)
                  00000524    00000044                                   : autoinit.c.obj (.text:__TI_auto_init_nobinit_nopinit:__TI_auto_init_nobinit_nopinit)
                  00000568    00000034                                   : boot_cortex_m.c.obj (.text:_c_int00_noargs:_c_int00_noargs)
                  0000059c    0000000e                                   : copy_decompress_none.c.obj (.text:decompress:none:__TI_decompress_none)
                  000005aa    0000000c     tm4c123gh6pm_startup_ccs.obj (.text)
                  000005b6    00000004     rtsv7M4_T_le_v4SPD16_eabi.lib : pre_init.c.obj (.text:_system_pre_init)
                  000005ba    00000004                                   : exit.c.obj (.text:abort:abort)

.cinit     0    000005c0    00000018     
                  000005c0    00000008     (__TI_handler_table)
                  000005c8    00000005     (.cinit..data.load) [load image, compression = lzss]
                  000005cd    00000003     --HOLE-- [fill = 0]
                  000005d0    00000008     (__TI_cinit_table)

.init_array 
*          0    00000000    00000000     UNINITIALIZED

.data      0    20000200    00000001     UNINITIALIZED
                  20000200    00000001     main.obj (.data)

.stack     0    20000000    00000200     UNINITIALIZED
                  20000000    00000004     rtsv7M4_T_le_v4SPD16_eabi.lib : boot_cortex_m.c.obj (.stack)
                  20000004    000001fc     --HOLE--

__llvm_prf_cnts 
*          0    20000000    00000000     UNINITIALIZED

MODULE SUMMARY

       Module                         code   ro data   rw data
       ------                         ----   -------   -------
    .\
       tm4c123gh6pm_startup_ccs.obj   12     620       0      
       main.obj                       436    0         1      
    +--+------------------------------+------+---------+---------+
       Total:                         448    620       1      
                                                              
    C:\ti\ccs1260\ccs\tools\compiler\ti-cgt-arm_20.2.7.LTS\lib\rtsv7M4_T_le_v4SPD16_eabi.lib
       memcpy_t2.asm.obj              156    0         0      
       copy_decompress_lzss.c.obj     104    0         0      
       autoinit.c.obj                 68     0         0      
       boot_cortex_m.c.obj            52     0         0      
       copy_decompress_none.c.obj     14     0         0      
       exit.c.obj                     4      0         0      
       pre_init.c.obj                 4      0         0      
    +--+------------------------------+------+---------+---------+
       Total:                         402    0         0      
                                                              
       Stack:                         0      0         512    
       Linker Generated:              0      21        0      
    +--+------------------------------+------+---------+---------+
       Grand Total:                   850    641       513    


LINKER GENERATED COPY TABLES

__TI_cinit_table @ 000005d0 records: 1, size/record: 8, table size: 8
	.data: load addr=000005c8, load size=00000005 bytes, run addr=20000200, run size=00000001 bytes, compression=lzss


LINKER GENERATED HANDLER TABLE

__TI_handler_table @ 000005c0 records: 2, size/record: 4, table size: 8
	index: 0, handler: __TI_decompress_lzss
	index: 1, handler: __TI_decompress_none


GLOBAL SYMBOLS: SORTED ALPHABETICALLY BY Name 

address   name                          
-------   ----                          
000005bb  C$$EXIT                       
000002e7  Leds_Init                     
00000343  MPU_Init                      
00000327  MemManage_Fault_Init          
00000325  MemoryManageFault_Handler     
000005ab  ResetISR                      
0000028b  SysTick_Handler               
0000026d  SysTick_Init                  
20000200  __STACK_END                   
00000200  __STACK_SIZE                  
20000200  __STACK_TOP                   
000005d0  __TI_CINIT_Base               
000005d8  __TI_CINIT_Limit              
000005c0  __TI_Handler_Table_Base       
000005c8  __TI_Handler_Table_Limit      
00000525  __TI_auto_init_nobinit_nopinit
000004bd  __TI_decompress_lzss          
0000059d  __TI_decompress_none          
ffffffff  __TI_pprof_out_hndl           
ffffffff  __TI_prof_data_size           
ffffffff  __TI_prof_data_start          
00000000  __TI_static_base__            
00000421  __aeabi_memcpy                
00000421  __aeabi_memcpy4               
00000421  __aeabi_memcpy8               
ffffffff  __binit__                     
ffffffff  __c_args__                    
UNDEFED   __mpu_init                    
20000000  __stack                       
20000000  __start___llvm_prf_cnts       
20000000  __stop___llvm_prf_cnts        
00000569  _c_int00_noargs               
UNDEFED   _system_post_cinit            
000005b7  _system_pre_init              
000005bb  abort                         
ffffffff  binit                         
00000000  g_pfnVectors                  
00000397  main                          
00000421  memcpy                        
20000200  ticks_num                     


GLOBAL SYMBOLS: SORTED BY Symbol Address 

address   name                          
-------   ----                          
00000000  __TI_static_base__            
00000000  g_pfnVectors                  
00000200  __STACK_SIZE                  
0000026d  SysTick_Init                  
0000028b  SysTick_Handler               
000002e7  Leds_Init                     
00000325  MemoryManageFault_Handler     
00000327  MemManage_Fault_Init          
00000343  MPU_Init                      
00000397  main                          
00000421  __aeabi_memcpy                
00000421  __aeabi_memcpy4               
00000421  __aeabi_memcpy8               
00000421  memcpy                        
000004bd  __TI_decompress_lzss          
00000525  __TI_auto_init_nobinit_nopinit
00000569  _c_int00_noargs               
0000059d  __TI_decompress_none          
000005ab  ResetISR                      
000005b7  _system_pre_init              
000005bb  C$$EXIT                       
000005bb  abort                         
000005c0  __TI_Handler_Table_Base       
000005c8  __TI_Handler_Table_Limit      
000005d0  __TI_CINIT_Base               
000005d8  __TI_CINIT_Limit              
20000000  __stack                       
20000000  __start___llvm_prf_cnts       
20000000  __stop___llvm_prf_cnts        
20000200  __STACK_END                   
20000200  __STACK_TOP                   
20000200  ticks_num                     
ffffffff  __TI_pprof_out_hndl           
ffffffff  __TI_prof_data_size           
ffffffff  __TI_prof_data_start          
ffffffff  __binit__                     
ffffffff  __c_args__                    
ffffffff  binit                         
UNDEFED   __mpu_init                    
UNDEFED   _system_post_cinit            

[40 symbols]
