******************************************************************************
                  TI ARM Linker PC v20.2.7                     
******************************************************************************
>> Linked Fri Feb 16 16:33:59 2024

OUTPUT FILE NAME:   <TIVAC-(NVIC)Example(2).out>
ENTRY POINT SYMBOL: "_c_int00_noargs"  address: 00000601


MEMORY CONFIGURATION

         name            origin    length      used     unused   attr    fill
----------------------  --------  ---------  --------  --------  ----  --------
  FLASH                 00000000   00040000  00000686  0003f97a  R  X
  SRAM                  20000000   00008000  00000201  00007dff  RW X


SEGMENT ALLOCATION MAP

run origin  load origin   length   init length attrs members
----------  ----------- ---------- ----------- ----- -------
00000000    00000000    00000688   00000688    r-x
  00000000    00000000    0000026c   0000026c    r-- .intvecs
  0000026c    0000026c    00000402   00000402    r-x .text
  00000670    00000670    00000018   00000018    r-- .cinit
20000000    20000000    00000201   00000000    rw-
  20000000    20000000    00000200   00000000    rw- .stack
  20000200    20000200    00000001   00000000    rw- .data


SECTION ALLOCATION MAP

 output                                  attributes/
section   page    origin      length       input sections
--------  ----  ----------  ----------   ----------------
.intvecs   0    00000000    0000026c     
                  00000000    0000026c     tm4c123gh6pm_startup_ccs.obj (.intvecs)

.text      0    0000026c    00000402     
                  0000026c    0000024c     main.obj (.text)
                  000004b8    0000009c     rtsv7M4_T_le_v4SPD16_eabi.lib : memcpy_t2.asm.obj (.text)
                  00000554    00000068                                   : copy_decompress_lzss.c.obj (.text:decompress:lzss:__TI_decompress_lzss)
                  000005bc    00000044                                   : autoinit.c.obj (.text:__TI_auto_init_nobinit_nopinit:__TI_auto_init_nobinit_nopinit)
                  00000600    00000034                                   : boot_cortex_m.c.obj (.text:_c_int00_noargs:_c_int00_noargs)
                  00000634    00000018                                   : ll_mul_t2.asm.obj (.text)
                  0000064c    0000000e                                   : copy_decompress_none.c.obj (.text:decompress:none:__TI_decompress_none)
                  0000065a    0000000c     tm4c123gh6pm_startup_ccs.obj (.text)
                  00000666    00000004     rtsv7M4_T_le_v4SPD16_eabi.lib : pre_init.c.obj (.text:_system_pre_init)
                  0000066a    00000004                                   : exit.c.obj (.text:abort:abort)

.cinit     0    00000670    00000018     
                  00000670    00000008     (__TI_handler_table)
                  00000678    00000005     (.cinit..data.load) [load image, compression = lzss]
                  0000067d    00000003     --HOLE-- [fill = 0]
                  00000680    00000008     (__TI_cinit_table)

.init_array 
*          0    00000000    00000000     UNINITIALIZED

.data      0    20000200    00000001     UNINITIALIZED
                  20000200    00000001     main.obj (.data)

.stack     0    20000000    00000200     UNINITIALIZED
                  20000000    00000004     rtsv7M4_T_le_v4SPD16_eabi.lib : boot_cortex_m.c.obj (.stack)
                  20000004    000001fc     --HOLE--

__llvm_prf_cnts 
*          0    20000000    00000000     UNINITIALIZED

MODULE SUMMARY

       Module                         code   ro data   rw data
       ------                         ----   -------   -------
    .\
       tm4c123gh6pm_startup_ccs.obj   12     620       0      
       main.obj                       588    0         1      
    +--+------------------------------+------+---------+---------+
       Total:                         600    620       1      
                                                              
    C:\ti\ccs1260\ccs\tools\compiler\ti-cgt-arm_20.2.7.LTS\lib\rtsv7M4_T_le_v4SPD16_eabi.lib
       memcpy_t2.asm.obj              156    0         0      
       copy_decompress_lzss.c.obj     104    0         0      
       autoinit.c.obj                 68     0         0      
       boot_cortex_m.c.obj            52     0         0      
       ll_mul_t2.asm.obj              24     0         0      
       copy_decompress_none.c.obj     14     0         0      
       exit.c.obj                     4      0         0      
       pre_init.c.obj                 4      0         0      
    +--+------------------------------+------+---------+---------+
       Total:                         426    0         0      
                                                              
       Stack:                         0      0         512    
       Linker Generated:              0      21        0      
    +--+------------------------------+------+---------+---------+
       Grand Total:                   1026   641       513    


LINKER GENERATED COPY TABLES

__TI_cinit_table @ 00000680 records: 1, size/record: 8, table size: 8
	.data: load addr=00000678, load size=00000005 bytes, run addr=20000200, run size=00000001 bytes, compression=lzss


LINKER GENERATED HANDLER TABLE

__TI_handler_table @ 00000670 records: 2, size/record: 4, table size: 8
	index: 0, handler: __TI_decompress_lzss
	index: 1, handler: __TI_decompress_none


GLOBAL SYMBOLS: SORTED ALPHABETICALLY BY Name 

address   name                          
-------   ----                          
0000066b  C$$EXIT                       
0000026d  Delay_MS                      
000002ad  GPIOPortF_Handler             
00000389  Leds_Init                     
0000065b  ResetISR                      
000002ef  SW2_Init                      
20000200  __STACK_END                   
00000200  __STACK_SIZE                  
20000200  __STACK_TOP                   
00000680  __TI_CINIT_Base               
00000688  __TI_CINIT_Limit              
00000670  __TI_Handler_Table_Base       
00000678  __TI_Handler_Table_Limit      
000005bd  __TI_auto_init_nobinit_nopinit
00000555  __TI_decompress_lzss          
0000064d  __TI_decompress_none          
ffffffff  __TI_pprof_out_hndl           
ffffffff  __TI_prof_data_size           
ffffffff  __TI_prof_data_start          
00000000  __TI_static_base__            
00000635  __aeabi_lmul                  
000004b9  __aeabi_memcpy                
000004b9  __aeabi_memcpy4               
000004b9  __aeabi_memcpy8               
ffffffff  __binit__                     
ffffffff  __c_args__                    
UNDEFED   __mpu_init                    
20000000  __stack                       
20000000  __start___llvm_prf_cnts       
20000000  __stop___llvm_prf_cnts        
00000601  _c_int00_noargs               
UNDEFED   _system_post_cinit            
00000667  _system_pre_init              
0000066b  abort                         
ffffffff  binit                         
00000000  g_pfnVectors                  
20000200  interrupt_flag                
000003c7  main                          
000004b9  memcpy                        


GLOBAL SYMBOLS: SORTED BY Symbol Address 

address   name                          
-------   ----                          
00000000  __TI_static_base__            
00000000  g_pfnVectors                  
00000200  __STACK_SIZE                  
0000026d  Delay_MS                      
000002ad  GPIOPortF_Handler             
000002ef  SW2_Init                      
00000389  Leds_Init                     
000003c7  main                          
000004b9  __aeabi_memcpy                
000004b9  __aeabi_memcpy4               
000004b9  __aeabi_memcpy8               
000004b9  memcpy                        
00000555  __TI_decompress_lzss          
000005bd  __TI_auto_init_nobinit_nopinit
00000601  _c_int00_noargs               
00000635  __aeabi_lmul                  
0000064d  __TI_decompress_none          
0000065b  ResetISR                      
00000667  _system_pre_init              
0000066b  C$$EXIT                       
0000066b  abort                         
00000670  __TI_Handler_Table_Base       
00000678  __TI_Handler_Table_Limit      
00000680  __TI_CINIT_Base               
00000688  __TI_CINIT_Limit              
20000000  __stack                       
20000000  __start___llvm_prf_cnts       
20000000  __stop___llvm_prf_cnts        
20000200  __STACK_END                   
20000200  __STACK_TOP                   
20000200  interrupt_flag                
ffffffff  __TI_pprof_out_hndl           
ffffffff  __TI_prof_data_size           
ffffffff  __TI_prof_data_start          
ffffffff  __binit__                     
ffffffff  __c_args__                    
ffffffff  binit                         
UNDEFED   __mpu_init                    
UNDEFED   _system_post_cinit            

[39 symbols]
